
> desgy_project@2.0.0 build
> next build

node.exe : ÔÜá Warning: 
Next.js inferred your wo
rkspace root, but it may
 not be correct.
At line:1 char:1
+ & "C:\Program Files\no
dejs/node.exe" "C:\Users
\ugiaj\AppData\Roaming\ 
...
+ ~~~~~~~~~~~~~~~~~~~~~~
~~~~~~~~~~~~~~~~~~~~~~~~
~~~~~~~~~~~~~~~~~~~~~~~
    + CategoryInfo      
        : NotSpecified  
  : (ÔÜá Warning: Ne.   
 ..not be correct.:S    
tring) [], RemoteEx    c
eption
    + FullyQualifiedErr 
   orId : NativeComman  
  dError
 
 We detected multiple lo
ckfiles and selected the
 directory of C:\Users\u
giaj\package-lock.json a
s the root directory.
 To silence this warning
, set `turbopack.root` i
n your Next.js config, o
r consider removing one 
of the lockfiles if it's
 not needed.
   See https://nextjs.or
g/docs/app/api-reference
/config/next-config-js/t
urbopack#root-directory 
for more information.
 Detected additional loc
kfiles: 
   * C:\Users\ugiaj\Desk
top\package\package-lock
.json

Ôû▓ Next.js 16.2.0-canary.33 (Turbopack)

  Creating an optimized production build ...
Ô£ô Compiled successfully in 2.4s
  Running TypeScript ...
Failed to type check.

.next/dev/types/validato
r.ts:5:79
Type error: Cannot find 
module './routes.js' or 
its corresponding type d
eclarations.

[0m [90m 3 |[39m [90
m// This file validates 
that all pages and layou
ts export the correct ty
pes[39m
 [90m 4 |[39m
[31m[1m>[22m[39m[90
m 5 |[39m [36mimport[
39m type { [33mAppRoute
s[39m[33m,[39m [33mL
ayoutRoutes[39m[33m,[
39m [33mParamMap[39m[
33m,[39m [33mAppRouteH
andlerRoutes[39m } [36
mfrom[39m [32m"./route
s.js"[39m
 [90m   |[39m         
                        
                        
                      [
31m[1m^[22m[39m
 [90m 6 |[39m [36mimp
ort[39m type { [33mRes
olvingMetadata[39m[33m
,[39m [33mResolvingVie
wport[39m } [36mfrom[
39m [32m"next/types.js"
[39m
 [90m 7 |[39m [36mimp
ort[39m type { [33mNex
tRequest[39m } [36mfro
m[39m [32m'next/server
.js'[39m
 [90m 8 |[39m[0m
Next.js build worker exi
ted with code: 1 and sig
nal: null
